Archive member included to satisfy reference by file (symbol)

c:/st/stm32cubeide_1.2.0/stm32cubeide/plugins/com.st.stm32cube.ide.mcu.externaltools.gnu-tools-for-stm32.7-2018-q2-update.win32_1.4.0.202007081208/tools/bin/../lib/gcc/arm-none-eabi/7.3.1/../../../../arm-none-eabi/lib/thumb/v7e-m/fpv5/hard\libc_nano.a(lib_a-errno.o)
                              Src/syscalls.o (__errno)
c:/st/stm32cubeide_1.2.0/stm32cubeide/plugins/com.st.stm32cube.ide.mcu.externaltools.gnu-tools-for-stm32.7-2018-q2-update.win32_1.4.0.202007081208/tools/bin/../lib/gcc/arm-none-eabi/7.3.1/../../../../arm-none-eabi/lib/thumb/v7e-m/fpv5/hard\libc_nano.a(lib_a-exit.o)
                              c:/st/stm32cubeide_1.2.0/stm32cubeide/plugins/com.st.stm32cube.ide.mcu.externaltools.gnu-tools-for-stm32.7-2018-q2-update.win32_1.4.0.202007081208/tools/bin/../lib/gcc/arm-none-eabi/7.3.1/../../../../arm-none-eabi/lib/thumb/v7e-m/fpv5/hard/crt0.o (exit)
c:/st/stm32cubeide_1.2.0/stm32cubeide/plugins/com.st.stm32cube.ide.mcu.externaltools.gnu-tools-for-stm32.7-2018-q2-update.win32_1.4.0.202007081208/tools/bin/../lib/gcc/arm-none-eabi/7.3.1/../../../../arm-none-eabi/lib/thumb/v7e-m/fpv5/hard\libc_nano.a(lib_a-impure.o)
                              c:/st/stm32cubeide_1.2.0/stm32cubeide/plugins/com.st.stm32cube.ide.mcu.externaltools.gnu-tools-for-stm32.7-2018-q2-update.win32_1.4.0.202007081208/tools/bin/../lib/gcc/arm-none-eabi/7.3.1/../../../../arm-none-eabi/lib/thumb/v7e-m/fpv5/hard\libc_nano.a(lib_a-exit.o) (_global_impure_ptr)
c:/st/stm32cubeide_1.2.0/stm32cubeide/plugins/com.st.stm32cube.ide.mcu.externaltools.gnu-tools-for-stm32.7-2018-q2-update.win32_1.4.0.202007081208/tools/bin/../lib/gcc/arm-none-eabi/7.3.1/../../../../arm-none-eabi/lib/thumb/v7e-m/fpv5/hard\libc_nano.a(lib_a-init.o)
                              c:/st/stm32cubeide_1.2.0/stm32cubeide/plugins/com.st.stm32cube.ide.mcu.externaltools.gnu-tools-for-stm32.7-2018-q2-update.win32_1.4.0.202007081208/tools/bin/../lib/gcc/arm-none-eabi/7.3.1/../../../../arm-none-eabi/lib/thumb/v7e-m/fpv5/hard/crt0.o (__libc_init_array)
c:/st/stm32cubeide_1.2.0/stm32cubeide/plugins/com.st.stm32cube.ide.mcu.externaltools.gnu-tools-for-stm32.7-2018-q2-update.win32_1.4.0.202007081208/tools/bin/../lib/gcc/arm-none-eabi/7.3.1/../../../../arm-none-eabi/lib/thumb/v7e-m/fpv5/hard\libc_nano.a(lib_a-memset.o)
                              c:/st/stm32cubeide_1.2.0/stm32cubeide/plugins/com.st.stm32cube.ide.mcu.externaltools.gnu-tools-for-stm32.7-2018-q2-update.win32_1.4.0.202007081208/tools/bin/../lib/gcc/arm-none-eabi/7.3.1/../../../../arm-none-eabi/lib/thumb/v7e-m/fpv5/hard/crt0.o (memset)
c:/st/stm32cubeide_1.2.0/stm32cubeide/plugins/com.st.stm32cube.ide.mcu.externaltools.gnu-tools-for-stm32.7-2018-q2-update.win32_1.4.0.202007081208/tools/bin/../lib/gcc/arm-none-eabi/7.3.1/../../../../arm-none-eabi/lib/thumb/v7e-m/fpv5/hard\libc_nano.a(lib_a-strlen.o)
                              Src/006Spi_TxtestMain.o (strlen)

Discarded input sections

 .text          0x0000000000000000        0x0 c:/st/stm32cubeide_1.2.0/stm32cubeide/plugins/com.st.stm32cube.ide.mcu.externaltools.gnu-tools-for-stm32.7-2018-q2-update.win32_1.4.0.202007081208/tools/bin/../lib/gcc/arm-none-eabi/7.3.1/thumb/v7e-m/fpv5/hard/crti.o
 .data          0x0000000000000000        0x0 c:/st/stm32cubeide_1.2.0/stm32cubeide/plugins/com.st.stm32cube.ide.mcu.externaltools.gnu-tools-for-stm32.7-2018-q2-update.win32_1.4.0.202007081208/tools/bin/../lib/gcc/arm-none-eabi/7.3.1/thumb/v7e-m/fpv5/hard/crti.o
 .bss           0x0000000000000000        0x0 c:/st/stm32cubeide_1.2.0/stm32cubeide/plugins/com.st.stm32cube.ide.mcu.externaltools.gnu-tools-for-stm32.7-2018-q2-update.win32_1.4.0.202007081208/tools/bin/../lib/gcc/arm-none-eabi/7.3.1/thumb/v7e-m/fpv5/hard/crti.o
 .data          0x0000000000000000        0x4 c:/st/stm32cubeide_1.2.0/stm32cubeide/plugins/com.st.stm32cube.ide.mcu.externaltools.gnu-tools-for-stm32.7-2018-q2-update.win32_1.4.0.202007081208/tools/bin/../lib/gcc/arm-none-eabi/7.3.1/thumb/v7e-m/fpv5/hard/crtbegin.o
 .text          0x0000000000000000       0x74 c:/st/stm32cubeide_1.2.0/stm32cubeide/plugins/com.st.stm32cube.ide.mcu.externaltools.gnu-tools-for-stm32.7-2018-q2-update.win32_1.4.0.202007081208/tools/bin/../lib/gcc/arm-none-eabi/7.3.1/../../../../arm-none-eabi/lib/thumb/v7e-m/fpv5/hard/crt0.o
 .data          0x0000000000000000        0x0 c:/st/stm32cubeide_1.2.0/stm32cubeide/plugins/com.st.stm32cube.ide.mcu.externaltools.gnu-tools-for-stm32.7-2018-q2-update.win32_1.4.0.202007081208/tools/bin/../lib/gcc/arm-none-eabi/7.3.1/../../../../arm-none-eabi/lib/thumb/v7e-m/fpv5/hard/crt0.o
 .bss           0x0000000000000000        0x0 c:/st/stm32cubeide_1.2.0/stm32cubeide/plugins/com.st.stm32cube.ide.mcu.externaltools.gnu-tools-for-stm32.7-2018-q2-update.win32_1.4.0.202007081208/tools/bin/../lib/gcc/arm-none-eabi/7.3.1/../../../../arm-none-eabi/lib/thumb/v7e-m/fpv5/hard/crt0.o
 .ARM.extab     0x0000000000000000        0x0 c:/st/stm32cubeide_1.2.0/stm32cubeide/plugins/com.st.stm32cube.ide.mcu.externaltools.gnu-tools-for-stm32.7-2018-q2-update.win32_1.4.0.202007081208/tools/bin/../lib/gcc/arm-none-eabi/7.3.1/../../../../arm-none-eabi/lib/thumb/v7e-m/fpv5/hard/crt0.o
 .ARM.exidx     0x0000000000000000        0x8 c:/st/stm32cubeide_1.2.0/stm32cubeide/plugins/com.st.stm32cube.ide.mcu.externaltools.gnu-tools-for-stm32.7-2018-q2-update.win32_1.4.0.202007081208/tools/bin/../lib/gcc/arm-none-eabi/7.3.1/../../../../arm-none-eabi/lib/thumb/v7e-m/fpv5/hard/crt0.o
 .ARM.attributes
                0x0000000000000000       0x1e c:/st/stm32cubeide_1.2.0/stm32cubeide/plugins/com.st.stm32cube.ide.mcu.externaltools.gnu-tools-for-stm32.7-2018-q2-update.win32_1.4.0.202007081208/tools/bin/../lib/gcc/arm-none-eabi/7.3.1/../../../../arm-none-eabi/lib/thumb/v7e-m/fpv5/hard/crt0.o
 .group         0x0000000000000000        0xc Src/006Spi_TxtestMain.o
 .group         0x0000000000000000        0xc Src/006Spi_TxtestMain.o
 .group         0x0000000000000000        0xc Src/006Spi_TxtestMain.o
 .group         0x0000000000000000        0xc Src/006Spi_TxtestMain.o
 .group         0x0000000000000000        0xc Src/006Spi_TxtestMain.o
 .group         0x0000000000000000        0xc Src/006Spi_TxtestMain.o
 .group         0x0000000000000000        0xc Src/006Spi_TxtestMain.o
 .group         0x0000000000000000        0xc Src/006Spi_TxtestMain.o
 .group         0x0000000000000000        0xc Src/006Spi_TxtestMain.o
 .group         0x0000000000000000        0xc Src/006Spi_TxtestMain.o
 .group         0x0000000000000000        0xc Src/006Spi_TxtestMain.o
 .group         0x0000000000000000        0xc Src/006Spi_TxtestMain.o
 .group         0x0000000000000000        0xc Src/006Spi_TxtestMain.o
 .group         0x0000000000000000        0xc Src/006Spi_TxtestMain.o
 .group         0x0000000000000000        0xc Src/006Spi_TxtestMain.o
 .group         0x0000000000000000        0xc Src/006Spi_TxtestMain.o
 .group         0x0000000000000000        0xc Src/006Spi_TxtestMain.o
 .group         0x0000000000000000        0xc Src/006Spi_TxtestMain.o
 .group         0x0000000000000000        0xc Src/006Spi_TxtestMain.o
 .group         0x0000000000000000        0xc Src/006Spi_TxtestMain.o
 .group         0x0000000000000000        0xc Src/006Spi_TxtestMain.o
 .group         0x0000000000000000        0xc Src/006Spi_TxtestMain.o
 .group         0x0000000000000000        0xc Src/006Spi_TxtestMain.o
 .text          0x0000000000000000        0x0 Src/006Spi_TxtestMain.o
 .data          0x0000000000000000        0x0 Src/006Spi_TxtestMain.o
 .bss           0x0000000000000000        0x0 Src/006Spi_TxtestMain.o
 .group         0x0000000000000000        0xc Src/syscalls.o
 .group         0x0000000000000000        0xc Src/syscalls.o
 .group         0x0000000000000000        0xc Src/syscalls.o
 .group         0x0000000000000000        0xc Src/syscalls.o
 .group         0x0000000000000000        0xc Src/syscalls.o
 .group         0x0000000000000000        0xc Src/syscalls.o
 .group         0x0000000000000000        0xc Src/syscalls.o
 .group         0x0000000000000000        0xc Src/syscalls.o
 .group         0x0000000000000000        0xc Src/syscalls.o
 .group         0x0000000000000000        0xc Src/syscalls.o
 .group         0x0000000000000000        0xc Src/syscalls.o
 .group         0x0000000000000000        0xc Src/syscalls.o
 .group         0x0000000000000000        0xc Src/syscalls.o
 .group         0x0000000000000000        0xc Src/syscalls.o
 .group         0x0000000000000000        0xc Src/syscalls.o
 .group         0x0000000000000000        0xc Src/syscalls.o
 .group         0x0000000000000000        0xc Src/syscalls.o
 .group         0x0000000000000000        0xc Src/syscalls.o
 .group         0x0000000000000000        0xc Src/syscalls.o
 .group         0x0000000000000000        0xc Src/syscalls.o
 .group         0x0000000000000000        0xc Src/syscalls.o
 .group         0x0000000000000000        0xc Src/syscalls.o
 .group         0x0000000000000000        0xc Src/syscalls.o
 .group         0x0000000000000000        0xc Src/syscalls.o
 .group         0x0000000000000000        0xc Src/syscalls.o
 .group         0x0000000000000000        0xc Src/syscalls.o
 .group         0x0000000000000000        0xc Src/syscalls.o
 .group         0x0000000000000000        0xc Src/syscalls.o
 .group         0x0000000000000000        0xc Src/syscalls.o
 .group         0x0000000000000000        0xc Src/syscalls.o
 .group         0x0000000000000000        0xc Src/syscalls.o
 .group         0x0000000000000000        0xc Src/syscalls.o
 .group         0x0000000000000000        0xc Src/syscalls.o
 .group         0x0000000000000000        0xc Src/syscalls.o
 .group         0x0000000000000000        0xc Src/syscalls.o
 .group         0x0000000000000000        0xc Src/syscalls.o
 .group         0x0000000000000000        0xc Src/syscalls.o
 .group         0x0000000000000000        0xc Src/syscalls.o
 .group         0x0000000000000000        0xc Src/syscalls.o
 .group         0x0000000000000000        0xc Src/syscalls.o
 .group         0x0000000000000000        0xc Src/syscalls.o
 .group         0x0000000000000000        0xc Src/syscalls.o
 .group         0x0000000000000000        0xc Src/syscalls.o
 .group         0x0000000000000000        0xc Src/syscalls.o
 .text          0x0000000000000000        0x0 Src/syscalls.o
 .data          0x0000000000000000        0x0 Src/syscalls.o
 .bss           0x0000000000000000        0x0 Src/syscalls.o
 .bss.__env     0x0000000000000000        0x4 Src/syscalls.o
 .data.environ  0x0000000000000000        0x4 Src/syscalls.o
 .text.initialise_monitor_handles
                0x0000000000000000        0xe Src/syscalls.o
 .text._getpid  0x0000000000000000       0x10 Src/syscalls.o
 .text._kill    0x0000000000000000       0x20 Src/syscalls.o
 .text._exit    0x0000000000000000       0x14 Src/syscalls.o
 .text._read    0x0000000000000000       0x3a Src/syscalls.o
 .text._write   0x0000000000000000       0x38 Src/syscalls.o
 .text._close   0x0000000000000000       0x18 Src/syscalls.o
 .text._fstat   0x0000000000000000       0x20 Src/syscalls.o
 .text._isatty  0x0000000000000000       0x16 Src/syscalls.o
 .text._lseek   0x0000000000000000       0x1a Src/syscalls.o
 .text._open    0x0000000000000000       0x1c Src/syscalls.o
 .text._wait    0x0000000000000000       0x1e Src/syscalls.o
 .text._unlink  0x0000000000000000       0x1e Src/syscalls.o
 .text._times   0x0000000000000000       0x18 Src/syscalls.o
 .text._stat    0x0000000000000000       0x20 Src/syscalls.o
 .text._link    0x0000000000000000       0x20 Src/syscalls.o
 .text._fork    0x0000000000000000       0x16 Src/syscalls.o
 .text._execve  0x0000000000000000       0x22 Src/syscalls.o
 .debug_info    0x0000000000000000      0xebd Src/syscalls.o
 .debug_abbrev  0x0000000000000000      0x261 Src/syscalls.o
 .debug_aranges
                0x0000000000000000       0xa8 Src/syscalls.o
 .debug_ranges  0x0000000000000000       0x98 Src/syscalls.o
 .debug_macro   0x0000000000000000      0x243 Src/syscalls.o
 .debug_macro   0x0000000000000000      0xa72 Src/syscalls.o
 .debug_macro   0x0000000000000000       0x22 Src/syscalls.o
 .debug_macro   0x0000000000000000       0x40 Src/syscalls.o
 .debug_macro   0x0000000000000000       0x17 Src/syscalls.o
 .debug_macro   0x0000000000000000       0x94 Src/syscalls.o
 .debug_macro   0x0000000000000000       0x3c Src/syscalls.o
 .debug_macro   0x0000000000000000       0x34 Src/syscalls.o
 .debug_macro   0x0000000000000000       0x57 Src/syscalls.o
 .debug_macro   0x0000000000000000      0x174 Src/syscalls.o
 .debug_macro   0x0000000000000000      0x330 Src/syscalls.o
 .debug_macro   0x0000000000000000       0x52 Src/syscalls.o
 .debug_macro   0x0000000000000000       0x1f Src/syscalls.o
 .debug_macro   0x0000000000000000       0x43 Src/syscalls.o
 .debug_macro   0x0000000000000000       0x20 Src/syscalls.o
 .debug_macro   0x0000000000000000      0x1a3 Src/syscalls.o
 .debug_macro   0x0000000000000000       0x10 Src/syscalls.o
 .debug_macro   0x0000000000000000       0x35 Src/syscalls.o
 .debug_macro   0x0000000000000000       0x10 Src/syscalls.o
 .debug_macro   0x0000000000000000       0x10 Src/syscalls.o
 .debug_macro   0x0000000000000000       0x10 Src/syscalls.o
 .debug_macro   0x0000000000000000       0x6a Src/syscalls.o
 .debug_macro   0x0000000000000000       0x1c Src/syscalls.o
 .debug_macro   0x0000000000000000       0x52 Src/syscalls.o
 .debug_macro   0x0000000000000000       0x40 Src/syscalls.o
 .debug_macro   0x0000000000000000       0x10 Src/syscalls.o
 .debug_macro   0x0000000000000000       0x40 Src/syscalls.o
 .debug_macro   0x0000000000000000       0xd7 Src/syscalls.o
 .debug_macro   0x0000000000000000       0x1c Src/syscalls.o
 .debug_macro   0x0000000000000000       0x3d Src/syscalls.o
 .debug_macro   0x0000000000000000       0x35 Src/syscalls.o
 .debug_macro   0x0000000000000000      0x122 Src/syscalls.o
 .debug_macro   0x0000000000000000       0x16 Src/syscalls.o
 .debug_macro   0x0000000000000000       0x16 Src/syscalls.o
 .debug_macro   0x0000000000000000       0x29 Src/syscalls.o
 .debug_macro   0x0000000000000000       0x10 Src/syscalls.o
 .debug_macro   0x0000000000000000      0x241 Src/syscalls.o
 .debug_macro   0x0000000000000000       0x1c Src/syscalls.o
 .debug_macro   0x0000000000000000       0x10 Src/syscalls.o
 .debug_macro   0x0000000000000000       0x10 Src/syscalls.o
 .debug_macro   0x0000000000000000       0x16 Src/syscalls.o
 .debug_macro   0x0000000000000000      0x145 Src/syscalls.o
 .debug_macro   0x0000000000000000      0x189 Src/syscalls.o
 .debug_macro   0x0000000000000000       0x16 Src/syscalls.o
 .debug_macro   0x0000000000000000       0x88 Src/syscalls.o
 .debug_line    0x0000000000000000      0x739 Src/syscalls.o
 .debug_str     0x0000000000000000     0x88c1 Src/syscalls.o
 .comment       0x0000000000000000       0x7c Src/syscalls.o
 .debug_frame   0x0000000000000000      0x2ac Src/syscalls.o
 .ARM.attributes
                0x0000000000000000       0x37 Src/syscalls.o
 .group         0x0000000000000000        0xc Src/sysmem.o
 .group         0x0000000000000000        0xc Src/sysmem.o
 .group         0x0000000000000000        0xc Src/sysmem.o
 .group         0x0000000000000000        0xc Src/sysmem.o
 .group         0x0000000000000000        0xc Src/sysmem.o
 .group         0x0000000000000000        0xc Src/sysmem.o
 .group         0x0000000000000000        0xc Src/sysmem.o
 .group         0x0000000000000000        0xc Src/sysmem.o
 .group         0x0000000000000000        0xc Src/sysmem.o
 .group         0x0000000000000000        0xc Src/sysmem.o
 .group         0x0000000000000000        0xc Src/sysmem.o
 .group         0x0000000000000000        0xc Src/sysmem.o
 .group         0x0000000000000000        0xc Src/sysmem.o
 .group         0x0000000000000000        0xc Src/sysmem.o
 .group         0x0000000000000000        0xc Src/sysmem.o
 .group         0x0000000000000000        0xc Src/sysmem.o
 .group         0x0000000000000000        0xc Src/sysmem.o
 .group         0x0000000000000000        0xc Src/sysmem.o
 .group         0x0000000000000000        0xc Src/sysmem.o
 .group         0x0000000000000000        0xc Src/sysmem.o
 .group         0x0000000000000000        0xc Src/sysmem.o
 .group         0x0000000000000000        0xc Src/sysmem.o
 .group         0x0000000000000000        0xc Src/sysmem.o
 .group         0x0000000000000000        0xc Src/sysmem.o
 .group         0x0000000000000000        0xc Src/sysmem.o
 .group         0x0000000000000000        0xc Src/sysmem.o
 .group         0x0000000000000000        0xc Src/sysmem.o
 .group         0x0000000000000000        0xc Src/sysmem.o
 .group         0x0000000000000000        0xc Src/sysmem.o
 .group         0x0000000000000000        0xc Src/sysmem.o
 .group         0x0000000000000000        0xc Src/sysmem.o
 .group         0x0000000000000000        0xc Src/sysmem.o
 .text          0x0000000000000000        0x0 Src/sysmem.o
 .data          0x0000000000000000        0x0 Src/sysmem.o
 .bss           0x0000000000000000        0x0 Src/sysmem.o
 .bss.heap_end.6424
                0x0000000000000000        0x4 Src/sysmem.o
 .text._sbrk    0x0000000000000000       0x58 Src/sysmem.o
 .debug_info    0x0000000000000000      0x91c Src/sysmem.o
 .debug_abbrev  0x0000000000000000      0x1bb Src/sysmem.o
 .debug_aranges
                0x0000000000000000       0x20 Src/sysmem.o
 .debug_ranges  0x0000000000000000       0x10 Src/sysmem.o
 .debug_macro   0x0000000000000000      0x1ae Src/sysmem.o
 .debug_macro   0x0000000000000000      0xa72 Src/sysmem.o
 .debug_macro   0x0000000000000000       0x10 Src/sysmem.o
 .debug_macro   0x0000000000000000       0x22 Src/sysmem.o
 .debug_macro   0x0000000000000000       0x40 Src/sysmem.o
 .debug_macro   0x0000000000000000       0x17 Src/sysmem.o
 .debug_macro   0x0000000000000000       0x94 Src/sysmem.o
 .debug_macro   0x0000000000000000       0x3c Src/sysmem.o
 .debug_macro   0x0000000000000000       0x34 Src/sysmem.o
 .debug_macro   0x0000000000000000      0x174 Src/sysmem.o
 .debug_macro   0x0000000000000000       0x57 Src/sysmem.o
 .debug_macro   0x0000000000000000       0x52 Src/sysmem.o
 .debug_macro   0x0000000000000000       0x1f Src/sysmem.o
 .debug_macro   0x0000000000000000       0x43 Src/sysmem.o
 .debug_macro   0x0000000000000000       0x20 Src/sysmem.o
 .debug_macro   0x0000000000000000      0x1a3 Src/sysmem.o
 .debug_macro   0x0000000000000000      0x23b Src/sysmem.o
 .debug_macro   0x0000000000000000       0x16 Src/sysmem.o
 .debug_macro   0x0000000000000000       0x35 Src/sysmem.o
 .debug_macro   0x0000000000000000      0x330 Src/sysmem.o
 .debug_macro   0x0000000000000000       0x10 Src/sysmem.o
 .debug_macro   0x0000000000000000       0x10 Src/sysmem.o
 .debug_macro   0x0000000000000000       0x6a Src/sysmem.o
 .debug_macro   0x0000000000000000       0x1c Src/sysmem.o
 .debug_macro   0x0000000000000000       0x52 Src/sysmem.o
 .debug_macro   0x0000000000000000       0x40 Src/sysmem.o
 .debug_macro   0x0000000000000000       0x10 Src/sysmem.o
 .debug_macro   0x0000000000000000       0x40 Src/sysmem.o
 .debug_macro   0x0000000000000000       0xd7 Src/sysmem.o
 .debug_macro   0x0000000000000000       0x1c Src/sysmem.o
 .debug_macro   0x0000000000000000       0x3d Src/sysmem.o
 .debug_macro   0x0000000000000000       0x16 Src/sysmem.o
 .debug_macro   0x0000000000000000      0x145 Src/sysmem.o
 .debug_line    0x0000000000000000      0x559 Src/sysmem.o
 .debug_str     0x0000000000000000     0x7b1a Src/sysmem.o
 .comment       0x0000000000000000       0x7c Src/sysmem.o
 .debug_frame   0x0000000000000000       0x34 Src/sysmem.o
 .ARM.attributes
                0x0000000000000000       0x37 Src/sysmem.o
 .text          0x0000000000000000       0x14 Startup/startup_stm32f767zitx.o
 .data          0x0000000000000000        0x0 Startup/startup_stm32f767zitx.o
 .bss           0x0000000000000000        0x0 Startup/startup_stm32f767zitx.o
 .group         0x0000000000000000        0xc drivers/Src/Stm32F7xxRcc.o
 .group         0x0000000000000000        0xc drivers/Src/Stm32F7xxRcc.o
 .group         0x0000000000000000        0xc drivers/Src/Stm32F7xxRcc.o
 .group         0x0000000000000000        0xc drivers/Src/Stm32F7xxRcc.o
 .group         0x0000000000000000        0xc drivers/Src/Stm32F7xxRcc.o
 .group         0x0000000000000000        0xc drivers/Src/Stm32F7xxRcc.o
 .group         0x0000000000000000        0xc drivers/Src/Stm32F7xxRcc.o
 .group         0x0000000000000000        0xc drivers/Src/Stm32F7xxRcc.o
 .text          0x0000000000000000        0x0 drivers/Src/Stm32F7xxRcc.o
 .data          0x0000000000000000        0x0 drivers/Src/Stm32F7xxRcc.o
 .bss           0x0000000000000000        0x0 drivers/Src/Stm32F7xxRcc.o
 .data.AHB_PreScaler
                0x0000000000000000       0x10 drivers/Src/Stm32F7xxRcc.o
 .data.APB1_PreScaler
                0x0000000000000000        0x4 drivers/Src/Stm32F7xxRcc.o
 .text.RCC_GetPCLK1Value
                0x0000000000000000       0xb0 drivers/Src/Stm32F7xxRcc.o
 .text.RCC_GetPCLK2Value
                0x0000000000000000       0xa0 drivers/Src/Stm32F7xxRcc.o
 .text.RCC_GetPLLOutputClock
                0x0000000000000000       0x10 drivers/Src/Stm32F7xxRcc.o
 .debug_info    0x0000000000000000      0x3bf drivers/Src/Stm32F7xxRcc.o
 .debug_abbrev  0x0000000000000000      0x10a drivers/Src/Stm32F7xxRcc.o
 .debug_aranges
                0x0000000000000000       0x30 drivers/Src/Stm32F7xxRcc.o
 .debug_ranges  0x0000000000000000       0x20 drivers/Src/Stm32F7xxRcc.o
 .debug_macro   0x0000000000000000       0x7d drivers/Src/Stm32F7xxRcc.o
 .debug_macro   0x0000000000000000      0xa72 drivers/Src/Stm32F7xxRcc.o
 .debug_macro   0x0000000000000000       0x22 drivers/Src/Stm32F7xxRcc.o
 .debug_macro   0x0000000000000000       0x8e drivers/Src/Stm32F7xxRcc.o
 .debug_macro   0x0000000000000000       0x51 drivers/Src/Stm32F7xxRcc.o
 .debug_macro   0x0000000000000000       0x64 drivers/Src/Stm32F7xxRcc.o
 .debug_macro   0x0000000000000000      0x174 drivers/Src/Stm32F7xxRcc.o
 .debug_macro   0x0000000000000000      0x598 drivers/Src/Stm32F7xxRcc.o
 .debug_macro   0x0000000000000000       0xd0 drivers/Src/Stm32F7xxRcc.o
 .debug_line    0x0000000000000000      0x42b drivers/Src/Stm32F7xxRcc.o
 .debug_str     0x0000000000000000     0x6044 drivers/Src/Stm32F7xxRcc.o
 .comment       0x0000000000000000       0x7c drivers/Src/Stm32F7xxRcc.o
 .debug_frame   0x0000000000000000       0x7c drivers/Src/Stm32F7xxRcc.o
 .ARM.attributes
                0x0000000000000000       0x37 drivers/Src/Stm32F7xxRcc.o
 .group         0x0000000000000000        0xc drivers/Src/stm32f7xx_gpio.o
 .group         0x0000000000000000        0xc drivers/Src/stm32f7xx_gpio.o
 .group         0x0000000000000000        0xc drivers/Src/stm32f7xx_gpio.o
 .group         0x0000000000000000        0xc drivers/Src/stm32f7xx_gpio.o
 .group         0x0000000000000000        0xc drivers/Src/stm32f7xx_gpio.o
 .group         0x0000000000000000        0xc drivers/Src/stm32f7xx_gpio.o
 .group         0x0000000000000000        0xc drivers/Src/stm32f7xx_gpio.o
 .group         0x0000000000000000        0xc drivers/Src/stm32f7xx_gpio.o
 .text          0x0000000000000000        0x0 drivers/Src/stm32f7xx_gpio.o
 .data          0x0000000000000000        0x0 drivers/Src/stm32f7xx_gpio.o
 .bss           0x0000000000000000        0x0 drivers/Src/stm32f7xx_gpio.o
 .text.GPIO_Deinit
                0x0000000000000000      0x1b8 drivers/Src/stm32f7xx_gpio.o
 .text.ReadInputPin
                0x0000000000000000       0x2c drivers/Src/stm32f7xx_gpio.o
 .text.ReadInputPort
                0x0000000000000000       0x14 drivers/Src/stm32f7xx_gpio.o
 .text.WriteToOutputPin
                0x0000000000000000       0x1c drivers/Src/stm32f7xx_gpio.o
 .text.WriteToOutputPort
                0x0000000000000000       0x1e drivers/Src/stm32f7xx_gpio.o
 .text.ToggleOutputPin
                0x0000000000000000       0x2a drivers/Src/stm32f7xx_gpio.o
 .text.GPIO_IRQITConfig
                0x0000000000000000      0x10c drivers/Src/stm32f7xx_gpio.o
 .text.IRQPriorityConfig
                0x0000000000000000       0x50 drivers/Src/stm32f7xx_gpio.o
 .text.GPIO_IRQHandler
                0x0000000000000000       0x40 drivers/Src/stm32f7xx_gpio.o
 .debug_macro   0x0000000000000000      0xa72 drivers/Src/stm32f7xx_gpio.o
 .debug_macro   0x0000000000000000       0x22 drivers/Src/stm32f7xx_gpio.o
 .debug_macro   0x0000000000000000       0x8e drivers/Src/stm32f7xx_gpio.o
 .debug_macro   0x0000000000000000       0x51 drivers/Src/stm32f7xx_gpio.o
 .debug_macro   0x0000000000000000       0x64 drivers/Src/stm32f7xx_gpio.o
 .debug_macro   0x0000000000000000      0x174 drivers/Src/stm32f7xx_gpio.o
 .debug_macro   0x0000000000000000      0x598 drivers/Src/stm32f7xx_gpio.o
 .debug_macro   0x0000000000000000       0xd0 drivers/Src/stm32f7xx_gpio.o
 .group         0x0000000000000000        0xc drivers/Src/stm32f7xx_i2c.o
 .group         0x0000000000000000        0xc drivers/Src/stm32f7xx_i2c.o
 .group         0x0000000000000000        0xc drivers/Src/stm32f7xx_i2c.o
 .group         0x0000000000000000        0xc drivers/Src/stm32f7xx_i2c.o
 .group         0x0000000000000000        0xc drivers/Src/stm32f7xx_i2c.o
 .group         0x0000000000000000        0xc drivers/Src/stm32f7xx_i2c.o
 .group         0x0000000000000000        0xc drivers/Src/stm32f7xx_i2c.o
 .group         0x0000000000000000        0xc drivers/Src/stm32f7xx_i2c.o
 .group         0x0000000000000000        0xc drivers/Src/stm32f7xx_i2c.o
 .text          0x0000000000000000        0x0 drivers/Src/stm32f7xx_i2c.o
 .data          0x0000000000000000        0x0 drivers/Src/stm32f7xx_i2c.o
 .bss           0x0000000000000000        0x0 drivers/Src/stm32f7xx_i2c.o
 .text.I2C_GenerateStartCondition
                0x0000000000000000       0x20 drivers/Src/stm32f7xx_i2c.o
 .text.I2C_ExecuteAddressPhaseWrite
                0x0000000000000000       0x2c drivers/Src/stm32f7xx_i2c.o
 .text.I2C_ExecuteAddressPhaseRead
                0x0000000000000000       0x2c drivers/Src/stm32f7xx_i2c.o
 .text.I2C_ClearADDRFlag
                0x0000000000000000       0x14 drivers/Src/stm32f7xx_i2c.o
 .text.I2C_GenerateStopCondition
                0x0000000000000000       0x20 drivers/Src/stm32f7xx_i2c.o
 .text.I2C_SlaveEnableDisableCallbackEvents
                0x0000000000000000       0x18 drivers/Src/stm32f7xx_i2c.o
 .text.I2CPeripheralControl
                0x0000000000000000       0x38 drivers/Src/stm32f7xx_i2c.o
 .text.I2C_PeriClockControl
                0x0000000000000000       0x88 drivers/Src/stm32f7xx_i2c.o
 .text.I2C_Init
                0x0000000000000000       0xfc drivers/Src/stm32f7xx_i2c.o
 .text.I2C_DeInit
                0x0000000000000000       0x14 drivers/Src/stm32f7xx_i2c.o
 .text.I2C_GetFlagStatus
                0x0000000000000000       0x28 drivers/Src/stm32f7xx_i2c.o
 .text.I2C_MasterSendData
                0x0000000000000000       0xb4 drivers/Src/stm32f7xx_i2c.o
 .text.I2C_MasterReceiveData
                0x0000000000000000      0x126 drivers/Src/stm32f7xx_i2c.o
 .text.I2C_ManageAcking
                0x0000000000000000       0x18 drivers/Src/stm32f7xx_i2c.o
 .text.I2C_IRQInterruptConfig
                0x0000000000000000      0x10c drivers/Src/stm32f7xx_i2c.o
 .text.I2C_IRQPriorityConfig
                0x0000000000000000       0x50 drivers/Src/stm32f7xx_i2c.o
 .text.I2C_MasterSendDataIT
                0x0000000000000000       0x22 drivers/Src/stm32f7xx_i2c.o
 .text.I2C_MasterReceiveDataIT
                0x0000000000000000       0x2a drivers/Src/stm32f7xx_i2c.o
 .text.I2C_MasterHandleTXEInterrupt
                0x0000000000000000       0x3c drivers/Src/stm32f7xx_i2c.o
 .text.I2C_MasterHandleRXNEInterrupt
                0x0000000000000000       0x98 drivers/Src/stm32f7xx_i2c.o
 .text.I2C_CloseReceiveData
                0x0000000000000000       0x14 drivers/Src/stm32f7xx_i2c.o
 .text.I2C_CloseSendData
                0x0000000000000000       0x14 drivers/Src/stm32f7xx_i2c.o
 .text.I2C_SlaveSendData
                0x0000000000000000       0x1e drivers/Src/stm32f7xx_i2c.o
 .text.I2C_SlaveReceiveData
                0x0000000000000000       0x1a drivers/Src/stm32f7xx_i2c.o
 .text.I2C_EV_IRQHandling
                0x0000000000000000       0x14 drivers/Src/stm32f7xx_i2c.o
 .text.I2C_ER_IRQHandling
                0x0000000000000000       0x14 drivers/Src/stm32f7xx_i2c.o
 .debug_info    0x0000000000000000      0x9f7 drivers/Src/stm32f7xx_i2c.o
 .debug_abbrev  0x0000000000000000      0x1e6 drivers/Src/stm32f7xx_i2c.o
 .debug_aranges
                0x0000000000000000       0xe8 drivers/Src/stm32f7xx_i2c.o
 .debug_ranges  0x0000000000000000       0xd8 drivers/Src/stm32f7xx_i2c.o
 .debug_macro   0x0000000000000000       0x86 drivers/Src/stm32f7xx_i2c.o
 .debug_macro   0x0000000000000000      0xa72 drivers/Src/stm32f7xx_i2c.o
 .debug_macro   0x0000000000000000       0x22 drivers/Src/stm32f7xx_i2c.o
 .debug_macro   0x0000000000000000       0x8e drivers/Src/stm32f7xx_i2c.o
 .debug_macro   0x0000000000000000       0x51 drivers/Src/stm32f7xx_i2c.o
 .debug_macro   0x0000000000000000       0x64 drivers/Src/stm32f7xx_i2c.o
 .debug_macro   0x0000000000000000      0x174 drivers/Src/stm32f7xx_i2c.o
 .debug_macro   0x0000000000000000      0x598 drivers/Src/stm32f7xx_i2c.o
 .debug_macro   0x0000000000000000       0xd0 drivers/Src/stm32f7xx_i2c.o
 .debug_macro   0x0000000000000000      0x6ee drivers/Src/stm32f7xx_i2c.o
 .debug_line    0x0000000000000000      0x6d2 drivers/Src/stm32f7xx_i2c.o
 .debug_str     0x0000000000000000     0x877b drivers/Src/stm32f7xx_i2c.o
 .comment       0x0000000000000000       0x7c drivers/Src/stm32f7xx_i2c.o
 .debug_frame   0x0000000000000000      0x410 drivers/Src/stm32f7xx_i2c.o
 .ARM.attributes
                0x0000000000000000       0x37 drivers/Src/stm32f7xx_i2c.o
 .group         0x0000000000000000        0xc drivers/Src/stm32f7xx_spi.o
 .group         0x0000000000000000        0xc drivers/Src/stm32f7xx_spi.o
 .group         0x0000000000000000        0xc drivers/Src/stm32f7xx_spi.o
 .group         0x0000000000000000        0xc drivers/Src/stm32f7xx_spi.o
 .group         0x0000000000000000        0xc drivers/Src/stm32f7xx_spi.o
 .group         0x0000000000000000        0xc drivers/Src/stm32f7xx_spi.o
 .group         0x0000000000000000        0xc drivers/Src/stm32f7xx_spi.o
 .group         0x0000000000000000        0xc drivers/Src/stm32f7xx_spi.o
 .group         0x0000000000000000        0xc drivers/Src/stm32f7xx_spi.o
 .text          0x0000000000000000        0x0 drivers/Src/stm32f7xx_spi.o
 .data          0x0000000000000000        0x0 drivers/Src/stm32f7xx_spi.o
 .bss           0x0000000000000000        0x0 drivers/Src/stm32f7xx_spi.o
 .text.SPI_Deinit
                0x0000000000000000       0xfc drivers/Src/stm32f7xx_spi.o
 .text.SPIReceive
                0x0000000000000000       0x4a drivers/Src/stm32f7xx_spi.o
 .text.SPI_IRQITConfig
                0x0000000000000000      0x10c drivers/Src/stm32f7xx_spi.o
 .text.spi_txe_interrupt_handle
                0x0000000000000000       0x48 drivers/Src/stm32f7xx_spi.o
 .text.spi_rxe_interrupt_handle
                0x0000000000000000       0x4c drivers/Src/stm32f7xx_spi.o
 .text.spi_error_interrupt_handle
                0x0000000000000000       0x34 drivers/Src/stm32f7xx_spi.o
 .text.SPI_IRQHandler
                0x0000000000000000       0x9a drivers/Src/stm32f7xx_spi.o
 .text.SPI_IRQPriorityConfig
                0x0000000000000000       0x50 drivers/Src/stm32f7xx_spi.o
 .text.SPITransmitIT
                0x0000000000000000       0x48 drivers/Src/stm32f7xx_spi.o
 .text.SPIReceiveIT
                0x0000000000000000       0x48 drivers/Src/stm32f7xx_spi.o
 .text.SPI_CloseTransmisson
                0x0000000000000000       0x36 drivers/Src/stm32f7xx_spi.o
 .text.SPI_CloseReception
                0x0000000000000000       0x36 drivers/Src/stm32f7xx_spi.o
 .text.SPI_ClearOVRFlag
                0x0000000000000000       0x20 drivers/Src/stm32f7xx_spi.o
 .text.SPI_ApplicationEventCallback
                0x0000000000000000       0x18 drivers/Src/stm32f7xx_spi.o
 .debug_macro   0x0000000000000000      0xa72 drivers/Src/stm32f7xx_spi.o
 .debug_macro   0x0000000000000000       0x22 drivers/Src/stm32f7xx_spi.o
 .debug_macro   0x0000000000000000       0x8e drivers/Src/stm32f7xx_spi.o
 .debug_macro   0x0000000000000000       0x51 drivers/Src/stm32f7xx_spi.o
 .debug_macro   0x0000000000000000       0x64 drivers/Src/stm32f7xx_spi.o
 .debug_macro   0x0000000000000000      0x174 drivers/Src/stm32f7xx_spi.o
 .debug_macro   0x0000000000000000      0x598 drivers/Src/stm32f7xx_spi.o
 .debug_macro   0x0000000000000000       0xd0 drivers/Src/stm32f7xx_spi.o
 .text          0x0000000000000000        0x0 c:/st/stm32cubeide_1.2.0/stm32cubeide/plugins/com.st.stm32cube.ide.mcu.externaltools.gnu-tools-for-stm32.7-2018-q2-update.win32_1.4.0.202007081208/tools/bin/../lib/gcc/arm-none-eabi/7.3.1/../../../../arm-none-eabi/lib/thumb/v7e-m/fpv5/hard\libc_nano.a(lib_a-errno.o)
 .data          0x0000000000000000        0x0 c:/st/stm32cubeide_1.2.0/stm32cubeide/plugins/com.st.stm32cube.ide.mcu.externaltools.gnu-tools-for-stm32.7-2018-q2-update.win32_1.4.0.202007081208/tools/bin/../lib/gcc/arm-none-eabi/7.3.1/../../../../arm-none-eabi/lib/thumb/v7e-m/fpv5/hard\libc_nano.a(lib_a-errno.o)
 .bss           0x0000000000000000        0x0 c:/st/stm32cubeide_1.2.0/stm32cubeide/plugins/com.st.stm32cube.ide.mcu.externaltools.gnu-tools-for-stm32.7-2018-q2-update.win32_1.4.0.202007081208/tools/bin/../lib/gcc/arm-none-eabi/7.3.1/../../../../arm-none-eabi/lib/thumb/v7e-m/fpv5/hard\libc_nano.a(lib_a-errno.o)
 .text.__errno  0x0000000000000000        0xc c:/st/stm32cubeide_1.2.0/stm32cubeide/plugins/com.st.stm32cube.ide.mcu.externaltools.gnu-tools-for-stm32.7-2018-q2-update.win32_1.4.0.202007081208/tools/bin/../lib/gcc/arm-none-eabi/7.3.1/../../../../arm-none-eabi/lib/thumb/v7e-m/fpv5/hard\libc_nano.a(lib_a-errno.o)
 .debug_frame   0x0000000000000000       0x20 c:/st/stm32cubeide_1.2.0/stm32cubeide/plugins/com.st.stm32cube.ide.mcu.externaltools.gnu-tools-for-stm32.7-2018-q2-update.win32_1.4.0.202007081208/tools/bin/../lib/gcc/arm-none-eabi/7.3.1/../../../../arm-none-eabi/lib/thumb/v7e-m/fpv5/hard\libc_nano.a(lib_a-errno.o)
 .ARM.attributes
                0x0000000000000000       0x32 c:/st/stm32cubeide_1.2.0/stm32cubeide/plugins/com.st.stm32cube.ide.mcu.externaltools.gnu-tools-for-stm32.7-2018-q2-update.win32_1.4.0.202007081208/tools/bin/../lib/gcc/arm-none-eabi/7.3.1/../../../../arm-none-eabi/lib/thumb/v7e-m/fpv5/hard\libc_nano.a(lib_a-errno.o)
 .text          0x0000000000000000        0x0 c:/st/stm32cubeide_1.2.0/stm32cubeide/plugins/com.st.stm32cube.ide.mcu.externaltools.gnu-tools-for-stm32.7-2018-q2-update.win32_1.4.0.202007081208/tools/bin/../lib/gcc/arm-none-eabi/7.3.1/../../../../arm-none-eabi/lib/thumb/v7e-m/fpv5/hard\libc_nano.a(lib_a-exit.o)
 .data          0x0000000000000000        0x0 c:/st/stm32cubeide_1.2.0/stm32cubeide/plugins/com.st.stm32cube.ide.mcu.externaltools.gnu-tools-for-stm32.7-2018-q2-update.win32_1.4.0.202007081208/tools/bin/../lib/gcc/arm-none-eabi/7.3.1/../../../../arm-none-eabi/lib/thumb/v7e-m/fpv5/hard\libc_nano.a(lib_a-exit.o)
 .bss           0x0000000000000000        0x0 c:/st/stm32cubeide_1.2.0/stm32cubeide/plugins/com.st.stm32cube.ide.mcu.externaltools.gnu-tools-for-stm32.7-2018-q2-update.win32_1.4.0.202007081208/tools/bin/../lib/gcc/arm-none-eabi/7.3.1/../../../../arm-none-eabi/lib/thumb/v7e-m/fpv5/hard\libc_nano.a(lib_a-exit.o)
 .text.exit     0x0000000000000000       0x28 c:/st/stm32cubeide_1.2.0/stm32cubeide/plugins/com.st.stm32cube.ide.mcu.externaltools.gnu-tools-for-stm32.7-2018-q2-update.win32_1.4.0.202007081208/tools/bin/../lib/gcc/arm-none-eabi/7.3.1/../../../../arm-none-eabi/lib/thumb/v7e-m/fpv5/hard\libc_nano.a(lib_a-exit.o)
 .debug_frame   0x0000000000000000       0x28 c:/st/stm32cubeide_1.2.0/stm32cubeide/plugins/com.st.stm32cube.ide.mcu.externaltools.gnu-tools-for-stm32.7-2018-q2-update.win32_1.4.0.202007081208/tools/bin/../lib/gcc/arm-none-eabi/7.3.1/../../../../arm-none-eabi/lib/thumb/v7e-m/fpv5/hard\libc_nano.a(lib_a-exit.o)
 .ARM.attributes
                0x0000000000000000       0x32 c:/st/stm32cubeide_1.2.0/stm32cubeide/plugins/com.st.stm32cube.ide.mcu.externaltools.gnu-tools-for-stm32.7-2018-q2-update.win32_1.4.0.202007081208/tools/bin/../lib/gcc/arm-none-eabi/7.3.1/../../../../arm-none-eabi/lib/thumb/v7e-m/fpv5/hard\libc_nano.a(lib_a-exit.o)
 .text          0x0000000000000000        0x0 c:/st/stm32cubeide_1.2.0/stm32cubeide/plugins/com.st.stm32cube.ide.mcu.externaltools.gnu-tools-for-stm32.7-2018-q2-update.win32_1.4.0.202007081208/tools/bin/../lib/gcc/arm-none-eabi/7.3.1/../../../../arm-none-eabi/lib/thumb/v7e-m/fpv5/hard\libc_nano.a(lib_a-impure.o)
 .data          0x0000000000000000        0x0 c:/st/stm32cubeide_1.2.0/stm32cubeide/plugins/com.st.stm32cube.ide.mcu.externaltools.gnu-tools-for-stm32.7-2018-q2-update.win32_1.4.0.202007081208/tools/bin/../lib/gcc/arm-none-eabi/7.3.1/../../../../arm-none-eabi/lib/thumb/v7e-m/fpv5/hard\libc_nano.a(lib_a-impure.o)
 .bss           0x0000000000000000        0x0 c:/st/stm32cubeide_1.2.0/stm32cubeide/plugins/com.st.stm32cube.ide.mcu.externaltools.gnu-tools-for-stm32.7-2018-q2-update.win32_1.4.0.202007081208/tools/bin/../lib/gcc/arm-none-eabi/7.3.1/../../../../arm-none-eabi/lib/thumb/v7e-m/fpv5/hard\libc_nano.a(lib_a-impure.o)
 .data._impure_ptr
                0x0000000000000000        0x4 c:/st/stm32cubeide_1.2.0/stm32cubeide/plugins/com.st.stm32cube.ide.mcu.externaltools.gnu-tools-for-stm32.7-2018-q2-update.win32_1.4.0.202007081208/tools/bin/../lib/gcc/arm-none-eabi/7.3.1/../../../../arm-none-eabi/lib/thumb/v7e-m/fpv5/hard\libc_nano.a(lib_a-impure.o)
 .data.impure_data
                0x0000000000000000       0x60 c:/st/stm32cubeide_1.2.0/stm32cubeide/plugins/com.st.stm32cube.ide.mcu.externaltools.gnu-tools-for-stm32.7-2018-q2-update.win32_1.4.0.202007081208/tools/bin/../lib/gcc/arm-none-eabi/7.3.1/../../../../arm-none-eabi/lib/thumb/v7e-m/fpv5/hard\libc_nano.a(lib_a-impure.o)
 .rodata._global_impure_ptr
                0x0000000000000000        0x4 c:/st/stm32cubeide_1.2.0/stm32cubeide/plugins/com.st.stm32cube.ide.mcu.externaltools.gnu-tools-for-stm32.7-2018-q2-update.win32_1.4.0.202007081208/tools/bin/../lib/gcc/arm-none-eabi/7.3.1/../../../../arm-none-eabi/lib/thumb/v7e-m/fpv5/hard\libc_nano.a(lib_a-impure.o)
 .ARM.attributes
                0x0000000000000000       0x32 c:/st/stm32cubeide_1.2.0/stm32cubeide/plugins/com.st.stm32cube.ide.mcu.externaltools.gnu-tools-for-stm32.7-2018-q2-update.win32_1.4.0.202007081208/tools/bin/../lib/gcc/arm-none-eabi/7.3.1/../../../../arm-none-eabi/lib/thumb/v7e-m/fpv5/hard\libc_nano.a(lib_a-impure.o)
 .text          0x0000000000000000        0x0 c:/st/stm32cubeide_1.2.0/stm32cubeide/plugins/com.st.stm32cube.ide.mcu.externaltools.gnu-tools-for-stm32.7-2018-q2-update.win32_1.4.0.202007081208/tools/bin/../lib/gcc/arm-none-eabi/7.3.1/../../../../arm-none-eabi/lib/thumb/v7e-m/fpv5/hard\libc_nano.a(lib_a-init.o)
 .data          0x0000000000000000        0x0 c:/st/stm32cubeide_1.2.0/stm32cubeide/plugins/com.st.stm32cube.ide.mcu.externaltools.gnu-tools-for-stm32.7-2018-q2-update.win32_1.4.0.202007081208/tools/bin/../lib/gcc/arm-none-eabi/7.3.1/../../../../arm-none-eabi/lib/thumb/v7e-m/fpv5/hard\libc_nano.a(lib_a-init.o)
 .bss           0x0000000000000000        0x0 c:/st/stm32cubeide_1.2.0/stm32cubeide/plugins/com.st.stm32cube.ide.mcu.externaltools.gnu-tools-for-stm32.7-2018-q2-update.win32_1.4.0.202007081208/tools/bin/../lib/gcc/arm-none-eabi/7.3.1/../../../../arm-none-eabi/lib/thumb/v7e-m/fpv5/hard\libc_nano.a(lib_a-init.o)
 .text          0x0000000000000000        0x0 c:/st/stm32cubeide_1.2.0/stm32cubeide/plugins/com.st.stm32cube.ide.mcu.externaltools.gnu-tools-for-stm32.7-2018-q2-update.win32_1.4.0.202007081208/tools/bin/../lib/gcc/arm-none-eabi/7.3.1/../../../../arm-none-eabi/lib/thumb/v7e-m/fpv5/hard\libc_nano.a(lib_a-memset.o)
 .data          0x0000000000000000        0x0 c:/st/stm32cubeide_1.2.0/stm32cubeide/plugins/com.st.stm32cube.ide.mcu.externaltools.gnu-tools-for-stm32.7-2018-q2-update.win32_1.4.0.202007081208/tools/bin/../lib/gcc/arm-none-eabi/7.3.1/../../../../arm-none-eabi/lib/thumb/v7e-m/fpv5/hard\libc_nano.a(lib_a-memset.o)
 .bss           0x0000000000000000        0x0 c:/st/stm32cubeide_1.2.0/stm32cubeide/plugins/com.st.stm32cube.ide.mcu.externaltools.gnu-tools-for-stm32.7-2018-q2-update.win32_1.4.0.202007081208/tools/bin/../lib/gcc/arm-none-eabi/7.3.1/../../../../arm-none-eabi/lib/thumb/v7e-m/fpv5/hard\libc_nano.a(lib_a-memset.o)
 .text.memset   0x0000000000000000       0x10 c:/st/stm32cubeide_1.2.0/stm32cubeide/plugins/com.st.stm32cube.ide.mcu.externaltools.gnu-tools-for-stm32.7-2018-q2-update.win32_1.4.0.202007081208/tools/bin/../lib/gcc/arm-none-eabi/7.3.1/../../../../arm-none-eabi/lib/thumb/v7e-m/fpv5/hard\libc_nano.a(lib_a-memset.o)
 .debug_frame   0x0000000000000000       0x20 c:/st/stm32cubeide_1.2.0/stm32cubeide/plugins/com.st.stm32cube.ide.mcu.externaltools.gnu-tools-for-stm32.7-2018-q2-update.win32_1.4.0.202007081208/tools/bin/../lib/gcc/arm-none-eabi/7.3.1/../../../../arm-none-eabi/lib/thumb/v7e-m/fpv5/hard\libc_nano.a(lib_a-memset.o)
 .ARM.attributes
                0x0000000000000000       0x32 c:/st/stm32cubeide_1.2.0/stm32cubeide/plugins/com.st.stm32cube.ide.mcu.externaltools.gnu-tools-for-stm32.7-2018-q2-update.win32_1.4.0.202007081208/tools/bin/../lib/gcc/arm-none-eabi/7.3.1/../../../../arm-none-eabi/lib/thumb/v7e-m/fpv5/hard\libc_nano.a(lib_a-memset.o)
 .data          0x0000000000000000        0x0 c:/st/stm32cubeide_1.2.0/stm32cubeide/plugins/com.st.stm32cube.ide.mcu.externaltools.gnu-tools-for-stm32.7-2018-q2-update.win32_1.4.0.202007081208/tools/bin/../lib/gcc/arm-none-eabi/7.3.1/../../../../arm-none-eabi/lib/thumb/v7e-m/fpv5/hard\libc_nano.a(lib_a-strlen.o)
 .bss           0x0000000000000000        0x0 c:/st/stm32cubeide_1.2.0/stm32cubeide/plugins/com.st.stm32cube.ide.mcu.externaltools.gnu-tools-for-stm32.7-2018-q2-update.win32_1.4.0.202007081208/tools/bin/../lib/gcc/arm-none-eabi/7.3.1/../../../../arm-none-eabi/lib/thumb/v7e-m/fpv5/hard\libc_nano.a(lib_a-strlen.o)
 .text          0x0000000000000000        0x0 c:/st/stm32cubeide_1.2.0/stm32cubeide/plugins/com.st.stm32cube.ide.mcu.externaltools.gnu-tools-for-stm32.7-2018-q2-update.win32_1.4.0.202007081208/tools/bin/../lib/gcc/arm-none-eabi/7.3.1/thumb/v7e-m/fpv5/hard/crtend.o
 .data          0x0000000000000000        0x0 c:/st/stm32cubeide_1.2.0/stm32cubeide/plugins/com.st.stm32cube.ide.mcu.externaltools.gnu-tools-for-stm32.7-2018-q2-update.win32_1.4.0.202007081208/tools/bin/../lib/gcc/arm-none-eabi/7.3.1/thumb/v7e-m/fpv5/hard/crtend.o
 .bss           0x0000000000000000        0x0 c:/st/stm32cubeide_1.2.0/stm32cubeide/plugins/com.st.stm32cube.ide.mcu.externaltools.gnu-tools-for-stm32.7-2018-q2-update.win32_1.4.0.202007081208/tools/bin/../lib/gcc/arm-none-eabi/7.3.1/thumb/v7e-m/fpv5/hard/crtend.o
 .eh_frame      0x0000000000000000        0x4 c:/st/stm32cubeide_1.2.0/stm32cubeide/plugins/com.st.stm32cube.ide.mcu.externaltools.gnu-tools-for-stm32.7-2018-q2-update.win32_1.4.0.202007081208/tools/bin/../lib/gcc/arm-none-eabi/7.3.1/thumb/v7e-m/fpv5/hard/crtend.o
 .ARM.attributes
                0x0000000000000000       0x32 c:/st/stm32cubeide_1.2.0/stm32cubeide/plugins/com.st.stm32cube.ide.mcu.externaltools.gnu-tools-for-stm32.7-2018-q2-update.win32_1.4.0.202007081208/tools/bin/../lib/gcc/arm-none-eabi/7.3.1/thumb/v7e-m/fpv5/hard/crtend.o
 .text          0x0000000000000000        0x0 c:/st/stm32cubeide_1.2.0/stm32cubeide/plugins/com.st.stm32cube.ide.mcu.externaltools.gnu-tools-for-stm32.7-2018-q2-update.win32_1.4.0.202007081208/tools/bin/../lib/gcc/arm-none-eabi/7.3.1/thumb/v7e-m/fpv5/hard/crtn.o
 .data          0x0000000000000000        0x0 c:/st/stm32cubeide_1.2.0/stm32cubeide/plugins/com.st.stm32cube.ide.mcu.externaltools.gnu-tools-for-stm32.7-2018-q2-update.win32_1.4.0.202007081208/tools/bin/../lib/gcc/arm-none-eabi/7.3.1/thumb/v7e-m/fpv5/hard/crtn.o
 .bss           0x0000000000000000        0x0 c:/st/stm32cubeide_1.2.0/stm32cubeide/plugins/com.st.stm32cube.ide.mcu.externaltools.gnu-tools-for-stm32.7-2018-q2-update.win32_1.4.0.202007081208/tools/bin/../lib/gcc/arm-none-eabi/7.3.1/thumb/v7e-m/fpv5/hard/crtn.o

Memory Configuration

Name             Origin             Length             Attributes
RAM              0x0000000020000000 0x0000000000080000 xrw
ROM              0x0000000008000000 0x0000000000200000 xr
*default*        0x0000000000000000 0xffffffffffffffff

Linker script and memory map

LOAD c:/st/stm32cubeide_1.2.0/stm32cubeide/plugins/com.st.stm32cube.ide.mcu.externaltools.gnu-tools-for-stm32.7-2018-q2-update.win32_1.4.0.202007081208/tools/bin/../lib/gcc/arm-none-eabi/7.3.1/thumb/v7e-m/fpv5/hard/crti.o
LOAD c:/st/stm32cubeide_1.2.0/stm32cubeide/plugins/com.st.stm32cube.ide.mcu.externaltools.gnu-tools-for-stm32.7-2018-q2-update.win32_1.4.0.202007081208/tools/bin/../lib/gcc/arm-none-eabi/7.3.1/thumb/v7e-m/fpv5/hard/crtbegin.o
LOAD c:/st/stm32cubeide_1.2.0/stm32cubeide/plugins/com.st.stm32cube.ide.mcu.externaltools.gnu-tools-for-stm32.7-2018-q2-update.win32_1.4.0.202007081208/tools/bin/../lib/gcc/arm-none-eabi/7.3.1/../../../../arm-none-eabi/lib/thumb/v7e-m/fpv5/hard/crt0.o
LOAD Src/006Spi_TxtestMain.o
LOAD Src/syscalls.o
LOAD Src/sysmem.o
LOAD Startup/startup_stm32f767zitx.o
LOAD drivers/Src/Stm32F7xxRcc.o
LOAD drivers/Src/stm32f7xx_gpio.o
LOAD drivers/Src/stm32f7xx_i2c.o
LOAD drivers/Src/stm32f7xx_spi.o
START GROUP
LOAD c:/st/stm32cubeide_1.2.0/stm32cubeide/plugins/com.st.stm32cube.ide.mcu.externaltools.gnu-tools-for-stm32.7-2018-q2-update.win32_1.4.0.202007081208/tools/bin/../lib/gcc/arm-none-eabi/7.3.1/../../../../arm-none-eabi/lib/thumb/v7e-m/fpv5/hard\libc_nano.a
LOAD c:/st/stm32cubeide_1.2.0/stm32cubeide/plugins/com.st.stm32cube.ide.mcu.externaltools.gnu-tools-for-stm32.7-2018-q2-update.win32_1.4.0.202007081208/tools/bin/../lib/gcc/arm-none-eabi/7.3.1/../../../../arm-none-eabi/lib/thumb/v7e-m/fpv5/hard\libm.a
END GROUP
START GROUP
LOAD c:/st/stm32cubeide_1.2.0/stm32cubeide/plugins/com.st.stm32cube.ide.mcu.externaltools.gnu-tools-for-stm32.7-2018-q2-update.win32_1.4.0.202007081208/tools/bin/../lib/gcc/arm-none-eabi/7.3.1/thumb/v7e-m/fpv5/hard\libgcc.a
LOAD c:/st/stm32cubeide_1.2.0/stm32cubeide/plugins/com.st.stm32cube.ide.mcu.externaltools.gnu-tools-for-stm32.7-2018-q2-update.win32_1.4.0.202007081208/tools/bin/../lib/gcc/arm-none-eabi/7.3.1/../../../../arm-none-eabi/lib/thumb/v7e-m/fpv5/hard\libc_nano.a
END GROUP
START GROUP
LOAD c:/st/stm32cubeide_1.2.0/stm32cubeide/plugins/com.st.stm32cube.ide.mcu.externaltools.gnu-tools-for-stm32.7-2018-q2-update.win32_1.4.0.202007081208/tools/bin/../lib/gcc/arm-none-eabi/7.3.1/thumb/v7e-m/fpv5/hard\libgcc.a
LOAD c:/st/stm32cubeide_1.2.0/stm32cubeide/plugins/com.st.stm32cube.ide.mcu.externaltools.gnu-tools-for-stm32.7-2018-q2-update.win32_1.4.0.202007081208/tools/bin/../lib/gcc/arm-none-eabi/7.3.1/../../../../arm-none-eabi/lib/thumb/v7e-m/fpv5/hard\libc_nano.a
LOAD c:/st/stm32cubeide_1.2.0/stm32cubeide/plugins/com.st.stm32cube.ide.mcu.externaltools.gnu-tools-for-stm32.7-2018-q2-update.win32_1.4.0.202007081208/tools/bin/../lib/gcc/arm-none-eabi/7.3.1/../../../../arm-none-eabi/lib/thumb/v7e-m/fpv5/hard\libnosys.a
END GROUP
START GROUP
LOAD c:/st/stm32cubeide_1.2.0/stm32cubeide/plugins/com.st.stm32cube.ide.mcu.externaltools.gnu-tools-for-stm32.7-2018-q2-update.win32_1.4.0.202007081208/tools/bin/../lib/gcc/arm-none-eabi/7.3.1/thumb/v7e-m/fpv5/hard\libgcc.a
LOAD c:/st/stm32cubeide_1.2.0/stm32cubeide/plugins/com.st.stm32cube.ide.mcu.externaltools.gnu-tools-for-stm32.7-2018-q2-update.win32_1.4.0.202007081208/tools/bin/../lib/gcc/arm-none-eabi/7.3.1/../../../../arm-none-eabi/lib/thumb/v7e-m/fpv5/hard\libc_nano.a
LOAD c:/st/stm32cubeide_1.2.0/stm32cubeide/plugins/com.st.stm32cube.ide.mcu.externaltools.gnu-tools-for-stm32.7-2018-q2-update.win32_1.4.0.202007081208/tools/bin/../lib/gcc/arm-none-eabi/7.3.1/../../../../arm-none-eabi/lib/thumb/v7e-m/fpv5/hard\libnosys.a
END GROUP
LOAD c:/st/stm32cubeide_1.2.0/stm32cubeide/plugins/com.st.stm32cube.ide.mcu.externaltools.gnu-tools-for-stm32.7-2018-q2-update.win32_1.4.0.202007081208/tools/bin/../lib/gcc/arm-none-eabi/7.3.1/thumb/v7e-m/fpv5/hard/crtend.o
LOAD c:/st/stm32cubeide_1.2.0/stm32cubeide/plugins/com.st.stm32cube.ide.mcu.externaltools.gnu-tools-for-stm32.7-2018-q2-update.win32_1.4.0.202007081208/tools/bin/../lib/gcc/arm-none-eabi/7.3.1/thumb/v7e-m/fpv5/hard/crtn.o
                0x0000000020080000                _estack = (ORIGIN (RAM) + LENGTH (RAM))
                0x0000000000000200                _Min_Heap_Size = 0x200
                0x0000000000000400                _Min_Stack_Size = 0x400

.isr_vector     0x0000000008000000      0x1f8
                0x0000000008000000                . = ALIGN (0x4)
 *(.isr_vector)
 .isr_vector    0x0000000008000000      0x1f8 Startup/startup_stm32f767zitx.o
                0x0000000008000000                g_pfnVectors
                0x00000000080001f8                . = ALIGN (0x4)

.text           0x00000000080001f8      0xa74
                0x00000000080001f8                . = ALIGN (0x4)
 *(.text)
 .text          0x00000000080001f8       0x40 c:/st/stm32cubeide_1.2.0/stm32cubeide/plugins/com.st.stm32cube.ide.mcu.externaltools.gnu-tools-for-stm32.7-2018-q2-update.win32_1.4.0.202007081208/tools/bin/../lib/gcc/arm-none-eabi/7.3.1/thumb/v7e-m/fpv5/hard/crtbegin.o
 .text          0x0000000008000238       0x10 c:/st/stm32cubeide_1.2.0/stm32cubeide/plugins/com.st.stm32cube.ide.mcu.externaltools.gnu-tools-for-stm32.7-2018-q2-update.win32_1.4.0.202007081208/tools/bin/../lib/gcc/arm-none-eabi/7.3.1/../../../../arm-none-eabi/lib/thumb/v7e-m/fpv5/hard\libc_nano.a(lib_a-strlen.o)
                0x0000000008000238                strlen
 *(.text*)
 .text.SPI2_GPIOInits
                0x0000000008000248       0x44 Src/006Spi_TxtestMain.o
                0x0000000008000248                SPI2_GPIOInits
 .text.SPI2_Inits
                0x000000000800028c       0x3c Src/006Spi_TxtestMain.o
                0x000000000800028c                SPI2_Inits
 .text.main     0x00000000080002c8       0x48 Src/006Spi_TxtestMain.o
                0x00000000080002c8                main
 .text.Reset_Handler
                0x0000000008000310       0x50 Startup/startup_stm32f767zitx.o
                0x0000000008000310                Reset_Handler
 .text.Default_Handler
                0x0000000008000360        0x2 Startup/startup_stm32f767zitx.o
                0x0000000008000360                HASH_RNG_IRQHandler
                0x0000000008000360                EXTI2_IRQHandler
                0x0000000008000360                TIM8_CC_IRQHandler
                0x0000000008000360                DebugMon_Handler
                0x0000000008000360                UART8_IRQHandler
                0x0000000008000360                LP_Timer1_IRQHandler
                0x0000000008000360                SPI4_IRQHandler
                0x0000000008000360                TIM1_CC_IRQHandler
                0x0000000008000360                QuadSPI_IRQHandler
                0x0000000008000360                DMA2_Stream5_IRQHandler
                0x0000000008000360                HardFault_Handler
                0x0000000008000360                JPEG_IRQHandler
                0x0000000008000360                DSIHOST_IRQHandler
                0x0000000008000360                DMA1_Stream5_IRQHandler
                0x0000000008000360                SysTick_Handler
                0x0000000008000360                CAN3_RX1_IRQHandler
                0x0000000008000360                PVD_IRQHandler
                0x0000000008000360                TAMP_STAMP_IRQHandler
                0x0000000008000360                PendSV_Handler
                0x0000000008000360                NMI_Handler
                0x0000000008000360                CAN2_RX1_IRQHandler
                0x0000000008000360                EXTI3_IRQHandler
                0x0000000008000360                TIM8_TRG_COM_TIM14_IRQHandler
                0x0000000008000360                DFSDM1_FLT1_IRQHandler
                0x0000000008000360                TIM1_UP_TIM10_IRQHandler
                0x0000000008000360                TIM8_UP_TIM13_IRQHandler
                0x0000000008000360                I2C3_ER_IRQHandler
                0x0000000008000360                DFSDM1_FLT2_IRQHandler
                0x0000000008000360                LCD_TFT_IRQHandler
                0x0000000008000360                EXTI0_IRQHandler
                0x0000000008000360                I2C2_EV_IRQHandler
                0x0000000008000360                DMA1_Stream2_IRQHandler
                0x0000000008000360                CAN1_RX0_IRQHandler
                0x0000000008000360                FPU_IRQHandler
                0x0000000008000360                OTG_HS_WKUP_IRQHandler
                0x0000000008000360                CAN3_SCE_IRQHandler
                0x0000000008000360                UsageFault_Handler
                0x0000000008000360                CAN2_SCE_IRQHandler
                0x0000000008000360                DMA2_Stream2_IRQHandler
                0x0000000008000360                SPI1_IRQHandler
                0x0000000008000360                TIM6_DAC_IRQHandler
                0x0000000008000360                TIM1_BRK_TIM9_IRQHandler
                0x0000000008000360                DCMI_IRQHandler
                0x0000000008000360                CAN2_RX0_IRQHandler
                0x0000000008000360                DMA2_Stream3_IRQHandler
                0x0000000008000360                RTC_ALARM_IRQHandler
                0x0000000008000360                SAI2_IRQHandler
                0x0000000008000360                DFSDM1_FLT3_IRQHandler
                0x0000000008000360                USART6_IRQHandler
                0x0000000008000360                CAN3_RX0_IRQHandler
                0x0000000008000360                USART3_IRQHandler
                0x0000000008000360                CRYP_IRQHandler
                0x0000000008000360                CAN1_RX1_IRQHandler
                0x0000000008000360                UART5_IRQHandler
                0x0000000008000360                DMA2_Stream0_IRQHandler
                0x0000000008000360                TIM4_IRQHandler
                0x0000000008000360                I2C1_EV_IRQHandler
                0x0000000008000360                DMA1_Stream6_IRQHandler
                0x0000000008000360                DMA1_Stream1_IRQHandler
                0x0000000008000360                UART4_IRQHandler
                0x0000000008000360                LCD_TFT_1_IRQHandler
                0x0000000008000360                TIM3_IRQHandler
                0x0000000008000360                RCC_IRQHandler
                0x0000000008000360                TIM8_BRK_TIM12_IRQHandler
                0x0000000008000360                Default_Handler
                0x0000000008000360                EXTI15_10_IRQHandler
                0x0000000008000360                ADC_IRQHandler
                0x0000000008000360                DMA1_Stream7_IRQHandler
                0x0000000008000360                SPI5_IRQHandler
                0x0000000008000360                TIM7_IRQHandler
                0x0000000008000360                SDMMC1_IRQHandler
                0x0000000008000360                CAN2_TX_IRQHandler
                0x0000000008000360                TIM5_IRQHandler
                0x0000000008000360                DMA2_Stream7_IRQHandler
                0x0000000008000360                I2C3_EV_IRQHandler
                0x0000000008000360                EXTI9_5_IRQHandler
                0x0000000008000360                RTC_WKUP_IRQHandler
                0x0000000008000360                ETH_WKUP_IRQHandler
                0x0000000008000360                SPI2_IRQHandler
                0x0000000008000360                OTG_HS_EP1_IN_IRQHandler
                0x0000000008000360                MemManage_Handler
                0x0000000008000360                DMA1_Stream0_IRQHandler
                0x0000000008000360                CAN1_TX_IRQHandler
                0x0000000008000360                SVC_Handler
                0x0000000008000360                EXTI4_IRQHandler
                0x0000000008000360                ETH_IRQHandler
                0x0000000008000360                OTG_HS_EP1_OUT_IRQHandler
                0x0000000008000360                WWDG_IRQHandler
                0x0000000008000360                SPI6_IRQHandler
                0x0000000008000360                MDIOS_IRQHandler
                0x0000000008000360                I2C4_EV_IRQHandler
                0x0000000008000360                CAN3_TX_IRQHandler
                0x0000000008000360                TIM2_IRQHandler
                0x0000000008000360                OTG_FS_WKUP_IRQHandler
                0x0000000008000360                TIM1_TRG_COM_TIM11_IRQHandler
                0x0000000008000360                OTG_HS_IRQHandler
                0x0000000008000360                DMA2D_IRQHandler
                0x0000000008000360                EXTI1_IRQHandler
                0x0000000008000360                SDMMC2_IRQHandler
                0x0000000008000360                UART7_IRQHandler
                0x0000000008000360                USART2_IRQHandler
                0x0000000008000360                DFSDM1_FLT0_IRQHandler
                0x0000000008000360                I2C2_ER_IRQHandler
                0x0000000008000360                SPDIFRX_IRQHandler
                0x0000000008000360                DMA2_Stream1_IRQHandler
                0x0000000008000360                CAN1_SCE_IRQHandler
                0x0000000008000360                FLASH_IRQHandler
                0x0000000008000360                DMA2_Stream4_IRQHandler
                0x0000000008000360                BusFault_Handler
                0x0000000008000360                USART1_IRQHandler
                0x0000000008000360                OTG_FS_IRQHandler
                0x0000000008000360                SPI3_IRQHandler
                0x0000000008000360                DMA1_Stream4_IRQHandler
                0x0000000008000360                I2C1_ER_IRQHandler
                0x0000000008000360                FMC_IRQHandler
                0x0000000008000360                I2C4_ER_IRQHandler
                0x0000000008000360                DMA2_Stream6_IRQHandler
                0x0000000008000360                SAI1_IRQHandler
                0x0000000008000360                DMA1_Stream3_IRQHandler
 *fill*         0x0000000008000362        0x2 
 .text.PeriphClckControl
                0x0000000008000364      0x230 drivers/Src/stm32f7xx_gpio.o
                0x0000000008000364                PeriphClckControl
 .text.GPIO_Init
                0x0000000008000594      0x398 drivers/Src/stm32f7xx_gpio.o
                0x0000000008000594                GPIO_Init
 .text.SPI_PeriphClckControl
                0x000000000800092c      0x140 drivers/Src/stm32f7xx_spi.o
                0x000000000800092c                SPI_PeriphClckControl
 .text.SPI_Init
                0x0000000008000a6c       0xf6 drivers/Src/stm32f7xx_spi.o
                0x0000000008000a6c                SPI_Init
 .text.SPI_GetFlagStatus
                0x0000000008000b62       0x28 drivers/Src/stm32f7xx_spi.o
                0x0000000008000b62                SPI_GetFlagStatus
 .text.SPITransmit
                0x0000000008000b8a       0x48 drivers/Src/stm32f7xx_spi.o
                0x0000000008000b8a                SPITransmit
 .text.SPIPeripheralControl
                0x0000000008000bd2       0x38 drivers/Src/stm32f7xx_spi.o
                0x0000000008000bd2                SPIPeripheralControl
 *fill*         0x0000000008000c0a        0x2 
 .text.__libc_init_array
                0x0000000008000c0c       0x48 c:/st/stm32cubeide_1.2.0/stm32cubeide/plugins/com.st.stm32cube.ide.mcu.externaltools.gnu-tools-for-stm32.7-2018-q2-update.win32_1.4.0.202007081208/tools/bin/../lib/gcc/arm-none-eabi/7.3.1/../../../../arm-none-eabi/lib/thumb/v7e-m/fpv5/hard\libc_nano.a(lib_a-init.o)
                0x0000000008000c0c                __libc_init_array
 *(.glue_7)
 .glue_7        0x0000000008000c54        0x0 linker stubs
 *(.glue_7t)
 .glue_7t       0x0000000008000c54        0x0 linker stubs
 *(.eh_frame)
 .eh_frame      0x0000000008000c54        0x0 c:/st/stm32cubeide_1.2.0/stm32cubeide/plugins/com.st.stm32cube.ide.mcu.externaltools.gnu-tools-for-stm32.7-2018-q2-update.win32_1.4.0.202007081208/tools/bin/../lib/gcc/arm-none-eabi/7.3.1/thumb/v7e-m/fpv5/hard/crtbegin.o
 *(.init)
 .init          0x0000000008000c54        0x4 c:/st/stm32cubeide_1.2.0/stm32cubeide/plugins/com.st.stm32cube.ide.mcu.externaltools.gnu-tools-for-stm32.7-2018-q2-update.win32_1.4.0.202007081208/tools/bin/../lib/gcc/arm-none-eabi/7.3.1/thumb/v7e-m/fpv5/hard/crti.o
                0x0000000008000c54                _init
 .init          0x0000000008000c58        0x8 c:/st/stm32cubeide_1.2.0/stm32cubeide/plugins/com.st.stm32cube.ide.mcu.externaltools.gnu-tools-for-stm32.7-2018-q2-update.win32_1.4.0.202007081208/tools/bin/../lib/gcc/arm-none-eabi/7.3.1/thumb/v7e-m/fpv5/hard/crtn.o
 *(.fini)
 .fini          0x0000000008000c60        0x4 c:/st/stm32cubeide_1.2.0/stm32cubeide/plugins/com.st.stm32cube.ide.mcu.externaltools.gnu-tools-for-stm32.7-2018-q2-update.win32_1.4.0.202007081208/tools/bin/../lib/gcc/arm-none-eabi/7.3.1/thumb/v7e-m/fpv5/hard/crti.o
                0x0000000008000c60                _fini
 .fini          0x0000000008000c64        0x8 c:/st/stm32cubeide_1.2.0/stm32cubeide/plugins/com.st.stm32cube.ide.mcu.externaltools.gnu-tools-for-stm32.7-2018-q2-update.win32_1.4.0.202007081208/tools/bin/../lib/gcc/arm-none-eabi/7.3.1/thumb/v7e-m/fpv5/hard/crtn.o
                0x0000000008000c6c                . = ALIGN (0x4)
                0x0000000008000c6c                _etext = .

.vfp11_veneer   0x0000000008000c6c        0x0
 .vfp11_veneer  0x0000000008000c6c        0x0 linker stubs

.v4_bx          0x0000000008000c6c        0x0
 .v4_bx         0x0000000008000c6c        0x0 linker stubs

.iplt           0x0000000008000c6c        0x0
 .iplt          0x0000000008000c6c        0x0 c:/st/stm32cubeide_1.2.0/stm32cubeide/plugins/com.st.stm32cube.ide.mcu.externaltools.gnu-tools-for-stm32.7-2018-q2-update.win32_1.4.0.202007081208/tools/bin/../lib/gcc/arm-none-eabi/7.3.1/thumb/v7e-m/fpv5/hard/crtbegin.o

.rodata         0x0000000008000c6c        0xc
                0x0000000008000c6c                . = ALIGN (0x4)
 *(.rodata)
 .rodata        0x0000000008000c6c        0xc Src/006Spi_TxtestMain.o
 *(.rodata*)
                0x0000000008000c78                . = ALIGN (0x4)

.rel.dyn        0x0000000008000c78        0x0
 .rel.iplt      0x0000000008000c78        0x0 c:/st/stm32cubeide_1.2.0/stm32cubeide/plugins/com.st.stm32cube.ide.mcu.externaltools.gnu-tools-for-stm32.7-2018-q2-update.win32_1.4.0.202007081208/tools/bin/../lib/gcc/arm-none-eabi/7.3.1/thumb/v7e-m/fpv5/hard/crtbegin.o

.ARM.extab      0x0000000008000c78        0x0
                0x0000000008000c78                . = ALIGN (0x4)
 *(.ARM.extab* .gnu.linkonce.armextab.*)
                0x0000000008000c78                . = ALIGN (0x4)

.ARM            0x0000000008000c78        0x0
                0x0000000008000c78                . = ALIGN (0x4)
                0x0000000008000c78                __exidx_start = .
 *(.ARM.exidx*)
                0x0000000008000c78                __exidx_end = .
                0x0000000008000c78                . = ALIGN (0x4)

.preinit_array  0x0000000008000c78        0x0
                0x0000000008000c78                . = ALIGN (0x4)
                0x0000000008000c78                PROVIDE (__preinit_array_start = .)
 *(.preinit_array*)
                0x0000000008000c78                PROVIDE (__preinit_array_end = .)
                0x0000000008000c78                . = ALIGN (0x4)

.init_array     0x0000000008000c78        0x4
                0x0000000008000c78                . = ALIGN (0x4)
                0x0000000008000c78                PROVIDE (__init_array_start = .)
 *(SORT_BY_NAME(.init_array.*))
 *(.init_array*)
 .init_array    0x0000000008000c78        0x4 c:/st/stm32cubeide_1.2.0/stm32cubeide/plugins/com.st.stm32cube.ide.mcu.externaltools.gnu-tools-for-stm32.7-2018-q2-update.win32_1.4.0.202007081208/tools/bin/../lib/gcc/arm-none-eabi/7.3.1/thumb/v7e-m/fpv5/hard/crtbegin.o
                0x0000000008000c7c                PROVIDE (__init_array_end = .)
                0x0000000008000c7c                . = ALIGN (0x4)

.fini_array     0x0000000008000c7c        0x4
                0x0000000008000c7c                . = ALIGN (0x4)
                [!provide]                        PROVIDE (__fini_array_start = .)
 *(SORT_BY_NAME(.fini_array.*))
 *(.fini_array*)
 .fini_array    0x0000000008000c7c        0x4 c:/st/stm32cubeide_1.2.0/stm32cubeide/plugins/com.st.stm32cube.ide.mcu.externaltools.gnu-tools-for-stm32.7-2018-q2-update.win32_1.4.0.202007081208/tools/bin/../lib/gcc/arm-none-eabi/7.3.1/thumb/v7e-m/fpv5/hard/crtbegin.o
                [!provide]                        PROVIDE (__fini_array_end = .)
                0x0000000008000c80                . = ALIGN (0x4)
                0x0000000008000c80                _sidata = LOADADDR (.data)

.data           0x0000000020000000        0x0 load address 0x0000000008000c80
                0x0000000020000000                . = ALIGN (0x4)
                0x0000000020000000                _sdata = .
 *(.data)
 *(.data*)
                0x0000000020000000                . = ALIGN (0x4)
                0x0000000020000000                _edata = .

.igot.plt       0x0000000020000000        0x0 load address 0x0000000008000c80
 .igot.plt      0x0000000020000000        0x0 c:/st/stm32cubeide_1.2.0/stm32cubeide/plugins/com.st.stm32cube.ide.mcu.externaltools.gnu-tools-for-stm32.7-2018-q2-update.win32_1.4.0.202007081208/tools/bin/../lib/gcc/arm-none-eabi/7.3.1/thumb/v7e-m/fpv5/hard/crtbegin.o
                0x0000000020000000                . = ALIGN (0x4)

.bss            0x0000000020000000       0x1c load address 0x0000000008000c80
                0x0000000020000000                _sbss = .
                0x0000000020000000                __bss_start__ = _sbss
 *(.bss)
 .bss           0x0000000020000000       0x1c c:/st/stm32cubeide_1.2.0/stm32cubeide/plugins/com.st.stm32cube.ide.mcu.externaltools.gnu-tools-for-stm32.7-2018-q2-update.win32_1.4.0.202007081208/tools/bin/../lib/gcc/arm-none-eabi/7.3.1/thumb/v7e-m/fpv5/hard/crtbegin.o
 *(.bss*)
 *(COMMON)
                0x000000002000001c                . = ALIGN (0x4)
                0x000000002000001c                _ebss = .
                0x000000002000001c                __bss_end__ = _ebss

._user_heap_stack
                0x000000002000001c      0x604 load address 0x0000000008000c80
                0x0000000020000020                . = ALIGN (0x8)
 *fill*         0x000000002000001c        0x4 
                0x0000000020000020                PROVIDE (end = .)
                [!provide]                        PROVIDE (_end = .)
                0x0000000020000220                . = (. + _Min_Heap_Size)
 *fill*         0x0000000020000020      0x200 
                0x0000000020000620                . = (. + _Min_Stack_Size)
 *fill*         0x0000000020000220      0x400 
                0x0000000020000620                . = ALIGN (0x8)

/DISCARD/
 libc.a(*)
 libm.a(*)
 libgcc.a(*)

.ARM.attributes
                0x0000000000000000       0x2e
 *(.ARM.attributes)
 .ARM.attributes
                0x0000000000000000       0x20 c:/st/stm32cubeide_1.2.0/stm32cubeide/plugins/com.st.stm32cube.ide.mcu.externaltools.gnu-tools-for-stm32.7-2018-q2-update.win32_1.4.0.202007081208/tools/bin/../lib/gcc/arm-none-eabi/7.3.1/thumb/v7e-m/fpv5/hard/crti.o
 .ARM.attributes
                0x0000000000000020       0x32 c:/st/stm32cubeide_1.2.0/stm32cubeide/plugins/com.st.stm32cube.ide.mcu.externaltools.gnu-tools-for-stm32.7-2018-q2-update.win32_1.4.0.202007081208/tools/bin/../lib/gcc/arm-none-eabi/7.3.1/thumb/v7e-m/fpv5/hard/crtbegin.o
 .ARM.attributes
                0x0000000000000052       0x37 Src/006Spi_TxtestMain.o
 .ARM.attributes
                0x0000000000000089       0x21 Startup/startup_stm32f767zitx.o
 .ARM.attributes
                0x00000000000000aa       0x37 drivers/Src/stm32f7xx_gpio.o
 .ARM.attributes
                0x00000000000000e1       0x37 drivers/Src/stm32f7xx_spi.o
 .ARM.attributes
                0x0000000000000118       0x32 c:/st/stm32cubeide_1.2.0/stm32cubeide/plugins/com.st.stm32cube.ide.mcu.externaltools.gnu-tools-for-stm32.7-2018-q2-update.win32_1.4.0.202007081208/tools/bin/../lib/gcc/arm-none-eabi/7.3.1/../../../../arm-none-eabi/lib/thumb/v7e-m/fpv5/hard\libc_nano.a(lib_a-init.o)
 .ARM.attributes
                0x000000000000014a       0x19 c:/st/stm32cubeide_1.2.0/stm32cubeide/plugins/com.st.stm32cube.ide.mcu.externaltools.gnu-tools-for-stm32.7-2018-q2-update.win32_1.4.0.202007081208/tools/bin/../lib/gcc/arm-none-eabi/7.3.1/../../../../arm-none-eabi/lib/thumb/v7e-m/fpv5/hard\libc_nano.a(lib_a-strlen.o)
 .ARM.attributes
                0x0000000000000163       0x20 c:/st/stm32cubeide_1.2.0/stm32cubeide/plugins/com.st.stm32cube.ide.mcu.externaltools.gnu-tools-for-stm32.7-2018-q2-update.win32_1.4.0.202007081208/tools/bin/../lib/gcc/arm-none-eabi/7.3.1/thumb/v7e-m/fpv5/hard/crtn.o
OUTPUT(STM32F7Drivers.elf elf32-littlearm)

.debug_info     0x0000000000000000     0x1b40
 .debug_info    0x0000000000000000      0xbcd Src/006Spi_TxtestMain.o
 .debug_info    0x0000000000000bcd       0x22 Startup/startup_stm32f767zitx.o
 .debug_info    0x0000000000000bef      0x723 drivers/Src/stm32f7xx_gpio.o
 .debug_info    0x0000000000001312      0x82e drivers/Src/stm32f7xx_spi.o

.debug_abbrev   0x0000000000000000      0x519
 .debug_abbrev  0x0000000000000000      0x1b6 Src/006Spi_TxtestMain.o
 .debug_abbrev  0x00000000000001b6       0x12 Startup/startup_stm32f767zitx.o
 .debug_abbrev  0x00000000000001c8      0x177 drivers/Src/stm32f7xx_gpio.o
 .debug_abbrev  0x000000000000033f      0x1da drivers/Src/stm32f7xx_spi.o

.debug_aranges  0x0000000000000000      0x178
 .debug_aranges
                0x0000000000000000       0x30 Src/006Spi_TxtestMain.o
 .debug_aranges
                0x0000000000000030       0x28 Startup/startup_stm32f767zitx.o
 .debug_aranges
                0x0000000000000058       0x70 drivers/Src/stm32f7xx_gpio.o
 .debug_aranges
                0x00000000000000c8       0xb0 drivers/Src/stm32f7xx_spi.o

.debug_ranges   0x0000000000000000      0x140
 .debug_ranges  0x0000000000000000       0x20 Src/006Spi_TxtestMain.o
 .debug_ranges  0x0000000000000020       0x20 Startup/startup_stm32f767zitx.o
 .debug_ranges  0x0000000000000040       0x60 drivers/Src/stm32f7xx_gpio.o
 .debug_ranges  0x00000000000000a0       0xa0 drivers/Src/stm32f7xx_spi.o

.debug_macro    0x0000000000000000     0x2725
 .debug_macro   0x0000000000000000      0x14a Src/006Spi_TxtestMain.o
 .debug_macro   0x000000000000014a      0xa72 Src/006Spi_TxtestMain.o
 .debug_macro   0x0000000000000bbc       0x22 Src/006Spi_TxtestMain.o
 .debug_macro   0x0000000000000bde       0x8e Src/006Spi_TxtestMain.o
 .debug_macro   0x0000000000000c6c       0x51 Src/006Spi_TxtestMain.o
 .debug_macro   0x0000000000000cbd       0x64 Src/006Spi_TxtestMain.o
 .debug_macro   0x0000000000000d21      0x174 Src/006Spi_TxtestMain.o
 .debug_macro   0x0000000000000e95      0x598 Src/006Spi_TxtestMain.o
 .debug_macro   0x000000000000142d       0xd0 Src/006Spi_TxtestMain.o
 .debug_macro   0x00000000000014fd      0x1b9 Src/006Spi_TxtestMain.o
 .debug_macro   0x00000000000016b6      0x6ee Src/006Spi_TxtestMain.o
 .debug_macro   0x0000000000001da4       0x46 Src/006Spi_TxtestMain.o
 .debug_macro   0x0000000000001dea       0x17 Src/006Spi_TxtestMain.o
 .debug_macro   0x0000000000001e01       0x3c Src/006Spi_TxtestMain.o
 .debug_macro   0x0000000000001e3d       0x34 Src/006Spi_TxtestMain.o
 .debug_macro   0x0000000000001e71       0x52 Src/006Spi_TxtestMain.o
 .debug_macro   0x0000000000001ec3       0x1f Src/006Spi_TxtestMain.o
 .debug_macro   0x0000000000001ee2       0x43 Src/006Spi_TxtestMain.o
 .debug_macro   0x0000000000001f25       0x20 Src/006Spi_TxtestMain.o
 .debug_macro   0x0000000000001f45      0x1a3 Src/006Spi_TxtestMain.o
 .debug_macro   0x00000000000020e8      0x330 Src/006Spi_TxtestMain.o
 .debug_macro   0x0000000000002418       0x10 Src/006Spi_TxtestMain.o
 .debug_macro   0x0000000000002428       0x35 Src/006Spi_TxtestMain.o
 .debug_macro   0x000000000000245d       0x20 Src/006Spi_TxtestMain.o
 .debug_macro   0x000000000000247d       0x73 drivers/Src/stm32f7xx_gpio.o
 .debug_macro   0x00000000000024f0       0x82 drivers/Src/stm32f7xx_spi.o
 .debug_macro   0x0000000000002572      0x1b3 drivers/Src/stm32f7xx_spi.o

.debug_line     0x0000000000000000     0x12be
 .debug_line    0x0000000000000000      0x598 Src/006Spi_TxtestMain.o
 .debug_line    0x0000000000000598       0x84 Startup/startup_stm32f767zitx.o
 .debug_line    0x000000000000061c      0x65f drivers/Src/stm32f7xx_gpio.o
 .debug_line    0x0000000000000c7b      0x643 drivers/Src/stm32f7xx_spi.o

.debug_str      0x0000000000000000     0xbbfc
 .debug_str     0x0000000000000000     0xb757 Src/006Spi_TxtestMain.o
                                       0xb92a (size before relaxing)
 .debug_str     0x000000000000b757       0x31 Startup/startup_stm32f767zitx.o
                                         0x6a (size before relaxing)
 .debug_str     0x000000000000b788      0x28f drivers/Src/stm32f7xx_gpio.o
                                       0x61bb (size before relaxing)
 .debug_str     0x000000000000ba17      0x1e5 drivers/Src/stm32f7xx_spi.o
                                       0x6782 (size before relaxing)

.comment        0x0000000000000000       0x7b
 .comment       0x0000000000000000       0x7b Src/006Spi_TxtestMain.o
                                         0x7c (size before relaxing)
 .comment       0x000000000000007b       0x7c drivers/Src/stm32f7xx_gpio.o
 .comment       0x000000000000007b       0x7c drivers/Src/stm32f7xx_spi.o

.debug_frame    0x0000000000000000      0x558
 .debug_frame   0x0000000000000000       0x78 Src/006Spi_TxtestMain.o
 .debug_frame   0x0000000000000078      0x1c8 drivers/Src/stm32f7xx_gpio.o
 .debug_frame   0x0000000000000240      0x2ec drivers/Src/stm32f7xx_spi.o
 .debug_frame   0x000000000000052c       0x2c c:/st/stm32cubeide_1.2.0/stm32cubeide/plugins/com.st.stm32cube.ide.mcu.externaltools.gnu-tools-for-stm32.7-2018-q2-update.win32_1.4.0.202007081208/tools/bin/../lib/gcc/arm-none-eabi/7.3.1/../../../../arm-none-eabi/lib/thumb/v7e-m/fpv5/hard\libc_nano.a(lib_a-init.o)
