10:06:06 **** Incremental Build of configuration Debug for project GPIODriverDev ****
make -j8 all 
arm-none-eabi-gcc "../Src/main.c" -mcpu=cortex-m7 -std=gnu11 -g3 -DSTM32 -DNUCLEO_F767ZI -DSTM32F7 -DDEBUG -DSTM32F767ZITx -c -I../Inc -O0 -ffunction-sections -fdata-sections -Wall -fstack-usage -MMD -MP -MF"Src/main.d" -MT"Src/main.o" --specs=nano.specs -mfpu=fpv5-d16 -mfloat-abi=hard -mthumb -o "Src/main.o"
arm-none-eabi-gcc -o "GPIODriverDev.elf" @"objects.list"   -mcpu=cortex-m7 -T"D:\Learning\MasteringDriversDev\MCU\GPIODriverDev\STM32F767ZITX_FLASH.ld" --specs=nosys.specs -Wl,-Map="GPIODriverDev.map" -Wl,--gc-sections -static --specs=nano.specs -mfpu=fpv5-d16 -mfloat-abi=hard -mthumb -Wl,--start-group -lc -lm -Wl,--end-group
Finished building target: GPIODriverDev.elf
 
arm-none-eabi-objdump -h -S  GPIODriverDev.elf  > "GPIODriverDev.list"
arm-none-eabi-objcopy  -O binary  GPIODriverDev.elf  "GPIODriverDev.bin"
arm-none-eabi-size   GPIODriverDev.elf 
   text	   data	    bss	    dec	    hex	filename
    756	      8	   1568	   2332	    91c	GPIODriverDev.elf
Finished building: default.size.stdout
 
Finished building: GPIODriverDev.bin
Finished building: GPIODriverDev.list
 
 

10:06:07 Build Finished. 0 errors, 0 warnings. (took 614ms)

